# Errors and debugging logs will be recorded here.
